******************************************************************************
                  MSP430 Linker PC v18.1.3                     
******************************************************************************
>> Linked Sat Dec  1 14:17:04 2018

OUTPUT FILE NAME:   <MSPMCP.out>
ENTRY POINT SYMBOL: "_c_int00_noargs"  address: 0000d368


MEMORY CONFIGURATION

         name            origin    length      used     unused   attr    fill
----------------------  --------  ---------  --------  --------  ----  --------
  SFR                   00000000   00000010  00000000  00000010  RWIX
  PERIPHERALS_8BIT      00000010   000000f0  00000000  000000f0  RWIX
  PERIPHERALS_16BIT     00000100   00000100  00000000  00000100  RWIX
  RAM                   00000200   00000200  000001ee  00000012  RWIX
  INFOD                 00001000   00000040  00000000  00000040  RWIX
  INFOC                 00001040   00000040  00000000  00000040  RWIX
  INFOB                 00001080   00000040  00000000  00000040  RWIX
  INFOA                 000010c0   00000040  00000000  00000040  RWIX
  FLASH                 0000c000   00003fde  00001526  00002ab8  RWIX
  BSLSIGNATURE          0000ffde   00000002  00000002  00000000  RWIX  ffff 
  INT00                 0000ffe0   00000002  00000002  00000000  RWIX
  INT01                 0000ffe2   00000002  00000000  00000002  RWIX
  INT02                 0000ffe4   00000002  00000002  00000000  RWIX
  INT03                 0000ffe6   00000002  00000002  00000000  RWIX
  INT04                 0000ffe8   00000002  00000000  00000002  RWIX
  INT05                 0000ffea   00000002  00000002  00000000  RWIX
  INT06                 0000ffec   00000002  00000002  00000000  RWIX
  INT07                 0000ffee   00000002  00000002  00000000  RWIX
  INT08                 0000fff0   00000002  00000002  00000000  RWIX
  INT09                 0000fff2   00000002  00000002  00000000  RWIX
  INT10                 0000fff4   00000002  00000002  00000000  RWIX
  INT11                 0000fff6   00000002  00000002  00000000  RWIX
  INT12                 0000fff8   00000002  00000002  00000000  RWIX
  INT13                 0000fffa   00000002  00000002  00000000  RWIX
  INT14                 0000fffc   00000002  00000002  00000000  RWIX
  RESET                 0000fffe   00000002  00000002  00000000  RWIX


SECTION ALLOCATION MAP

 output                                  attributes/
section   page    origin      length       input sections
--------  ----  ----------  ----------   ----------------
.data      0    00000000    000000fc     FAILED TO ALLOCATE
.bss       0    00000320    000000ce     UNINITIALIZED
                  00000320    000000a0     (.common:__TI_tmpnams)
                  000003c0    00000010     (.common:can_rx)
                  000003d0    00000010     (.common:can_tx)
                  000003e0    00000008     (.common:parmbuf)
                  000003e8    00000006     rts430_eabi.lib : memory.c.obj (.bss)

.sysmem    0    00000000    00000050     FAILED TO ALLOCATE
.stack     0    00000000    00000050     FAILED TO ALLOCATE
.text      0    0000c000    000014d2     
                  0000c000    00000116     rts430_eabi.lib : _printfi_min.c.obj (.text:_setfield)
                  0000c116    000000f0                     : _printfi_min.c.obj (.text:__TI_printfi_minimal)
                  0000c206    000000ea                     : fputs.c.obj (.text:fputs)
                  0000c2f0    000000d0                     : setvbuf.c.obj (.text:setvbuf)
                  0000c3c0    000000ca                     : _printfi_min.c.obj (.text:_pproc_diouxp)
                  0000c48a    000000b2                     : memory.c.obj (.text:malloc)
                  0000c53c    000000a8     mcp2515.obj (.text:MCP2515_init)
                  0000c5e4    00000090     rts430_eabi.lib : fputc.c.obj (.text:fputc)
                  0000c674    0000008c     main.obj (.text:main)
                  0000c700    00000088     rts430_eabi.lib : hostlseek.c.obj (.text:HOSTlseek)
                  0000c788    00000080                     : memory.c.obj (.text:free)
                  0000c808    0000007c                     : copy_decompress_lzss.c.obj (.text:decompress:lzss:__TI_decompress_lzss)
                  0000c884    0000007a     mcp2515.obj (.text:MCP2515_write_id)
                  0000c8fe    0000007a     rts430_eabi.lib : _io_perm.c.obj (.text:__TI_wrt_ok)
                  0000c978    00000072                     : fclose.c.obj (.text:__TI_closefile)
                  0000c9ea    00000070                     : fseek.c.obj (.text:fseek)
                  0000ca5a    0000006a                     : hostrename.c.obj (.text:HOSTrename)
                  0000cac4    00000066                     : hostopen.c.obj (.text:HOSTopen)
                  0000cb2a    00000066     mcp2515.obj (.text:MCP2515_can_tx0)
                  0000cb90    00000062     rts430_eabi.lib : hostwrite.c.obj (.text:HOSTwrite)
                  0000cbf2    00000062                     : fflush.c.obj (.text:__TI_doflush)
                  0000cc54    00000060                     : hostread.c.obj (.text:HOSTread)
                  0000ccb4    0000005e     mcp2515.obj (.text:MCP2515_read_id)
                  0000cd12    00000058     rts430_eabi.lib : getdevice.c.obj (.text:getdevice)
                  0000cd6a    00000050     mcp2515.obj (.text:MCP2515_can_rx0)
                  0000cdba    0000004c     mcp2515.obj (.text:MCP2515_SPI_init)
                  0000ce06    0000004c     rts430_eabi.lib : lsr16.asm.obj (.text)
                  0000ce52    0000004a                     : close.c.obj (.text:close)
                  0000ce9c    00000044                     : hostclose.c.obj (.text:HOSTclose)
                  0000cee0    00000044                     : exit.c.obj (.text:exit)
                  0000cf24    00000042                     : autoinit.c.obj (.text:__TI_auto_init_nobinit_nopinit:__TI_auto_init_nobinit_nopinit)
                  0000cf66    00000040                     : hostunlink.c.obj (.text:HOSTunlink)
                  0000cfa6    0000003e                     : lsl32.asm.obj (.text:l_lsl_const)
                  0000cfe4    0000003c                     : printf.c.obj (.text:printf)
                  0000d020    0000003a     mcp2515.obj (.text:MCP2515_write_many_registers)
                  0000d05a    00000038     main.obj (.text:Port_1)
                  0000d092    00000038     rts430_eabi.lib : memory.c.obj (.text:minit)
                  0000d0ca    00000036     mcp2515.obj (.text:MCP2515_bit_modify)
                  0000d100    00000034     rts430_eabi.lib : fopen.c.obj (.text:__TI_cleanup)
                  0000d134    00000034                     : getdevice.c.obj (.text:finddevice)
                  0000d168    00000030     mcp2515.obj (.text:MCP2515_CanVariable_init)
                  0000d198    00000030     mcp2515.obj (.text:MCP2515_read)
                  0000d1c8    0000002e     mcp2515.obj (.text:MCP2515_write)
                  0000d1f6    0000002e     rts430_eabi.lib : trgmsg.c.obj (.text:__TI_writemsg)
                  0000d224    0000002c                     : trgmsg.c.obj (.text:__TI_readmsg)
                  0000d250    0000002c                     : asr16.asm.obj (.text)
                  0000d27c    0000002c                     : lsl16.asm.obj (.text)
                  0000d2a8    0000002c                     : strncpy.c.obj (.text:strncpy)
                  0000d2d4    00000028                     : unlink.c.obj (.text:unlink)
                  0000d2fc    00000026                     : lseek.c.obj (.text:lseek)
                  0000d322    00000024                     : write.c.obj (.text:write)
                  0000d346    00000022     mcp2515.obj (.text:MCP2515_reset)
                  0000d368    0000001c     rts430_eabi.lib : boot.c.obj (.text:_c_int00_noargs)
                  0000d384    0000001a                     : memccpy.c.obj (.text:memccpy)
                  0000d39e    0000001a                     : strchr.c.obj (.text:strchr)
                  0000d3b8    00000018                     : strcmp.c.obj (.text:strcmp)
                  0000d3d0    00000016                     : div16u.asm.obj (.text)
                  0000d3e6    00000014                     : copy_zero_init.c.obj (.text:decompress:ZI:__TI_zero_init_nomemset:__TI_zero_init_nomemset)
                  0000d3fa    00000014                     : memchr.c.obj (.text:memchr)
                  0000d40e    00000014                     : memset.c.obj (.text:memset)
                  0000d422    00000014                     : mult16.asm.obj (.text)
                  0000d436    00000012                     : copy_decompress_none.c.obj (.text:decompress:none:__TI_decompress_none)
                  0000d448    00000012                     : memcpy.c.obj (.text:memcpy)
                  0000d45a    00000010     mcp2515.obj (.text:MCP2515_SPI_transmit)
                  0000d46a    00000010     rts430_eabi.lib : epilog.asm.obj (.text)
                  0000d47a    00000010                     : strcpy.c.obj (.text:strcpy)
                  0000d48a    0000000e     mcp2515.obj (.text:MCP2515_clear_rx0)
                  0000d498    0000000e     rts430_eabi.lib : strlen.c.obj (.text:strlen)
                  0000d4a6    0000000c     mcp2515.obj (.text:MCP2515_int_clear)
                  0000d4b2    00000008     rts430_eabi.lib : isr_trap.asm.obj (.text:_isr:__TI_ISR_TRAP)
                  0000d4ba    00000006                     : printf.c.obj (.text:_outc)
                  0000d4c0    00000006                     : exit.c.obj (.text:abort)
                  0000d4c6    00000004                     : printf.c.obj (.text:_outs)
                  0000d4ca    00000004                     : pre_init.c.obj (.text:_system_pre_init)
                  0000d4ce    00000002                     : _lock.c.obj (.text:_nop)
                  0000d4d0    00000002                     : startup.c.obj (.text:_system_post_cinit)

.const     0    0000d4d2    0000001a     
                  0000d4d2    00000014     rts430_eabi.lib : _printfi_min.c.obj (.const:.string)
                  0000d4e6    00000006     main.obj (.const:.string)

.cinit     0    0000d4ec    0000003a     
                  0000d4ec    00000028     (.cinit..data.load) [load image, compression = lzss]
                  0000d514    00000006     (__TI_handler_table)
                  0000d51a    00000004     (.cinit..bss.load) [load image, compression = zero_init]
                  0000d51e    00000008     (__TI_cinit_table)

.cio       0    00000200    00000120     UNINITIALIZED
                  00000200    00000120     rts430_eabi.lib : trgmsg.c.obj (.cio)

.binit     0    0000c000    00000000     

.init_array 
*          0    0000c000    00000000     UNINITIALIZED

TRAPINT    0    0000ffe0    00000002     
                  0000ffe0    00000002     rts430_eabi.lib : int00.asm.obj (.int00)

PORT1      0    0000ffe4    00000002     
                  0000ffe4    00000002     main.obj (.int02)

PORT2      0    0000ffe6    00000002     
                  0000ffe6    00000002     rts430_eabi.lib : int03.asm.obj (.int03)

ADC10      0    0000ffea    00000002     
                  0000ffea    00000002     rts430_eabi.lib : int05.asm.obj (.int05)

USCIAB0TX 
*          0    0000ffec    00000002     
                  0000ffec    00000002     rts430_eabi.lib : int06.asm.obj (.int06)

USCIAB0RX 
*          0    0000ffee    00000002     
                  0000ffee    00000002     rts430_eabi.lib : int07.asm.obj (.int07)

TIMER0_A1 
*          0    0000fff0    00000002     
                  0000fff0    00000002     rts430_eabi.lib : int08.asm.obj (.int08)

TIMER0_A0 
*          0    0000fff2    00000002     
                  0000fff2    00000002     rts430_eabi.lib : int09.asm.obj (.int09)

WDT        0    0000fff4    00000002     
                  0000fff4    00000002     rts430_eabi.lib : int10.asm.obj (.int10)

COMPARATORA 
*          0    0000fff6    00000002     
                  0000fff6    00000002     rts430_eabi.lib : int11.asm.obj (.int11)

TIMER1_A1 
*          0    0000fff8    00000002     
                  0000fff8    00000002     rts430_eabi.lib : int12.asm.obj (.int12)

TIMER1_A0 
*          0    0000fffa    00000002     
                  0000fffa    00000002     rts430_eabi.lib : int13.asm.obj (.int13)

NMI        0    0000fffc    00000002     
                  0000fffc    00000002     rts430_eabi.lib : int14.asm.obj (.int14)

.reset     0    0000fffe    00000002     
                  0000fffe    00000002     rts430_eabi.lib : boot.c.obj (.reset)

$fill000   0    0000ffde    00000002     
                  0000ffde    00000002     --HOLE-- [fill = ffff]

MODULE SUMMARY

       Module                       code   ro data   rw data
       ------                       ----   -------   -------
    .\
       mcp2515.obj                  972    0         0      
       main.obj                     196    8         32     
    +--+----------------------------+------+---------+---------+
       Total:                       1168   8         32     
                                                            
    C:\TI\ccsv8\tools\compiler\ti-cgt-msp430_18.1.3.LTS\lib\rts430_eabi.lib
       _printfi_min.c.obj           720    20        0      
       trgmsg.c.obj                 90     0         288    
       memory.c.obj                 362    0         6      
       fputs.c.obj                  234    0         0      
       setvbuf.c.obj                208    0         0      
       defs.c.obj                   0      0         160    
       fputc.c.obj                  144    0         0      
       getdevice.c.obj              140    0         0      
       hostlseek.c.obj              136    0         0      
       copy_decompress_lzss.c.obj   124    0         0      
       _io_perm.c.obj               122    0         0      
       fclose.c.obj                 114    0         0      
       fseek.c.obj                  112    0         0      
       hostopen.c.obj               102    0         8      
       hostrename.c.obj             106    0         0      
       fflush.c.obj                 98     0         0      
       hostwrite.c.obj              98     0         0      
       hostread.c.obj               96     0         0      
       lsr16.asm.obj                76     0         0      
       close.c.obj                  74     0         0      
       exit.c.obj                   74     0         0      
       printf.c.obj                 70     0         0      
       hostclose.c.obj              68     0         0      
       autoinit.c.obj               66     0         0      
       hostunlink.c.obj             64     0         0      
       lsl32.asm.obj                62     0         0      
       fopen.c.obj                  52     0         0      
       asr16.asm.obj                44     0         0      
       lsl16.asm.obj                44     0         0      
       strncpy.c.obj                44     0         0      
       unlink.c.obj                 40     0         0      
       lseek.c.obj                  38     0         0      
       write.c.obj                  36     0         0      
       boot.c.obj                   28     2         0      
       memccpy.c.obj                26     0         0      
       strchr.c.obj                 26     0         0      
       strcmp.c.obj                 24     0         0      
       div16u.asm.obj               22     0         0      
       copy_zero_init.c.obj         20     0         0      
       memchr.c.obj                 20     0         0      
       memset.c.obj                 20     0         0      
       mult16.asm.obj               20     0         0      
       copy_decompress_none.c.obj   18     0         0      
       memcpy.c.obj                 18     0         0      
       epilog.asm.obj               16     0         0      
       strcpy.c.obj                 16     0         0      
       strlen.c.obj                 14     0         0      
       isr_trap.asm.obj             8      0         0      
       pre_init.c.obj               4      0         0      
       _lock.c.obj                  2      0         0      
       int00.asm.obj                0      2         0      
       int03.asm.obj                0      2         0      
       int05.asm.obj                0      2         0      
       int06.asm.obj                0      2         0      
       int07.asm.obj                0      2         0      
       int08.asm.obj                0      2         0      
       int09.asm.obj                0      2         0      
       int10.asm.obj                0      2         0      
       int11.asm.obj                0      2         0      
       int12.asm.obj                0      2         0      
       int13.asm.obj                0      2         0      
       int14.asm.obj                0      2         0      
       startup.c.obj                2      0         0      
    +--+----------------------------+------+---------+---------+
       Total:                       4162   46        462    
                                                            
       Linker Generated:            0      58        0      
    +--+----------------------------+------+---------+---------+
       Grand Total:                 5330   112       494    


LINKER GENERATED COPY TABLES

__TI_cinit_table @ 0000d51e records: 2, size/record: 4, table size: 8
	.data: load addr=0000d4ec, load size=00000028 bytes, run addr=00000000, run size=000000fc bytes, compression=lzss
	.bss: load addr=0000d51a, load size=00000004 bytes, run addr=00000320, run size=000000ce bytes, compression=zero_init


LINKER GENERATED HANDLER TABLE

__TI_handler_table @ 0000d514 records: 3, size/record: 2, table size: 6
	index: 0, handler: __TI_zero_init
	index: 1, handler: __TI_decompress_lzss
	index: 2, handler: __TI_decompress_none


GLOBAL SYMBOLS: SORTED ALPHABETICALLY BY Name 

address   name                           
-------   ----                           
0000004a  ADC10AE0                       
000001b0  ADC10CTL0                      
000001b2  ADC10CTL1                      
00000048  ADC10DTC0                      
00000049  ADC10DTC1                      
000001b4  ADC10MEM                       
000001bc  ADC10SA                        
00000057  BCSCTL1                        
00000058  BCSCTL2                        
00000053  BCSCTL3                        
0000d4c0  C$$EXIT                        
0000d220  C$$IO$$                        
00000059  CACTL1                         
0000005a  CACTL2                         
000010fb  CALBC1_12MHZ                   
000010f9  CALBC1_16MHZ                   
000010ff  CALBC1_1MHZ                    
000010fd  CALBC1_8MHZ                    
000010fa  CALDCO_12MHZ                   
000010f8  CALDCO_16MHZ                   
000010fe  CALDCO_1MHZ                    
000010fc  CALDCO_8MHZ                    
0000005b  CAPD                           
00000056  DCOCTL                         
00000128  FCTL1                          
0000012a  FCTL2                          
0000012c  FCTL3                          
0000ce9c  HOSTclose                      
0000c700  HOSTlseek                      
0000cac4  HOSTopen                       
0000cc54  HOSTread                       
0000ca5a  HOSTrename                     
0000cf66  HOSTunlink                     
0000cb90  HOSTwrite                      
00000000  IE1                            
00000001  IE2                            
00000002  IFG1                           
00000003  IFG2                           
0000d168  MCP2515_CanVariable_init       
0000cdba  MCP2515_SPI_init               
0000d45a  MCP2515_SPI_transmit           
0000d0ca  MCP2515_bit_modify             
0000cd6a  MCP2515_can_rx0                
0000cb2a  MCP2515_can_tx0                
0000d48a  MCP2515_clear_rx0              
0000c53c  MCP2515_init                   
0000d4a6  MCP2515_int_clear              
0000d198  MCP2515_read                   
0000ccb4  MCP2515_read_id                
0000d346  MCP2515_reset                  
0000d1c8  MCP2515_write                  
0000c884  MCP2515_write_id               
0000d020  MCP2515_write_many_registers   
00000022  P1DIR                          
00000025  P1IE                           
00000024  P1IES                          
00000023  P1IFG                          
00000020  P1IN                           
00000021  P1OUT                          
00000027  P1REN                          
00000026  P1SEL                          
00000041  P1SEL2                         
0000002a  P2DIR                          
0000002d  P2IE                           
0000002c  P2IES                          
0000002b  P2IFG                          
00000028  P2IN                           
00000029  P2OUT                          
0000002f  P2REN                          
0000002e  P2SEL                          
00000042  P2SEL2                         
0000001a  P3DIR                          
00000018  P3IN                           
00000019  P3OUT                          
00000010  P3REN                          
0000001b  P3SEL                          
00000043  P3SEL2                         
0000d05a  Port_1                         
00000172  TA0CCR0                        
00000174  TA0CCR1                        
00000176  TA0CCR2                        
00000162  TA0CCTL0                       
00000164  TA0CCTL1                       
00000166  TA0CCTL2                       
00000160  TA0CTL                         
0000012e  TA0IV                          
00000170  TA0R                           
00000192  TA1CCR0                        
00000194  TA1CCR1                        
00000196  TA1CCR2                        
00000182  TA1CCTL0                       
00000184  TA1CCTL1                       
00000186  TA1CCTL2                       
00000180  TA1CTL                         
0000011e  TA1IV                          
00000190  TA1R                           
000010db  TLV_ADC10_1_LEN                
000010da  TLV_ADC10_1_TAG                
000010c0  TLV_CHECKSUM                   
000010f7  TLV_DCO_30_LEN                 
000010f6  TLV_DCO_30_TAG                 
0000005d  UCA0ABCTL                      
00000062  UCA0BR0                        
00000063  UCA0BR1                        
00000060  UCA0CTL0                       
00000061  UCA0CTL1                       
0000005f  UCA0IRRCTL                     
0000005e  UCA0IRTCTL                     
00000064  UCA0MCTL                       
00000066  UCA0RXBUF                      
00000065  UCA0STAT                       
00000067  UCA0TXBUF                      
0000006a  UCB0BR0                        
0000006b  UCB0BR1                        
00000068  UCB0CTL0                       
00000069  UCB0CTL1                       
0000006c  UCB0I2CIE                      
00000118  UCB0I2COA                      
0000011a  UCB0I2CSA                      
0000006e  UCB0RXBUF                      
0000006d  UCB0STAT                       
0000006f  UCB0TXBUF                      
00000120  WDTCTL                         
00000200  _CIOBUF_                       
00000050  __STACK_END                    
00000050  __STACK_SIZE                   
00000050  __SYSMEM_SIZE                  
0000d51e  __TI_CINIT_Base                
0000d526  __TI_CINIT_Limit               
0000d514  __TI_Handler_Table_Base        
0000d51a  __TI_Handler_Table_Limit       
0000d4b2  __TI_ISR_TRAP                  
0000cf24  __TI_auto_init_nobinit_nopinit 
0000d100  __TI_cleanup                   
000000ee  __TI_cleanup_ptr               
0000c978  __TI_closefile                 
0000c808  __TI_decompress_lzss           
0000d436  __TI_decompress_none           
0000cbf2  __TI_doflush                   
000000f0  __TI_dtors_ptr                 
000000f8  __TI_enable_exit_profile_output
000000f6  __TI_ft_end                    
0000ffe0  __TI_int00                     
0000ffe4  __TI_int02                     
0000ffe6  __TI_int03                     
0000ffea  __TI_int05                     
0000ffec  __TI_int06                     
0000ffee  __TI_int07                     
0000fff0  __TI_int08                     
0000fff2  __TI_int09                     
0000fff4  __TI_int10                     
0000fff6  __TI_int11                     
0000fff8  __TI_int12                     
0000fffa  __TI_int13                     
0000fffc  __TI_int14                     
ffffffff  __TI_pprof_out_hndl            
0000c116  __TI_printfi_minimal           
ffffffff  __TI_prof_data_size            
ffffffff  __TI_prof_data_start           
0000d224  __TI_readmsg                   
00000320  __TI_tmpnams                   
0000d1f6  __TI_writemsg                  
0000c8fe  __TI_wrt_ok                    
0000d3e6  __TI_zero_init_nomemset        
ffffffff  __c_args__                     
0000d3d0  __mspabi_divu                  
0000d476  __mspabi_func_epilog_1         
0000d474  __mspabi_func_epilog_2         
0000d472  __mspabi_func_epilog_3         
0000d470  __mspabi_func_epilog_4         
0000d46e  __mspabi_func_epilog_5         
0000d46c  __mspabi_func_epilog_6         
0000d46a  __mspabi_func_epilog_7         
0000d422  __mspabi_mpyi                  
0000d422  __mspabi_mpyi_sw               
0000d3d0  __mspabi_remu                  
0000d27c  __mspabi_slli                  
0000d2a4  __mspabi_slli_1                
0000d292  __mspabi_slli_10               
0000d290  __mspabi_slli_11               
0000d28e  __mspabi_slli_12               
0000d28c  __mspabi_slli_13               
0000d28a  __mspabi_slli_14               
0000d288  __mspabi_slli_15               
0000d2a2  __mspabi_slli_2                
0000d2a0  __mspabi_slli_3                
0000d29e  __mspabi_slli_4                
0000d29c  __mspabi_slli_5                
0000d29a  __mspabi_slli_6                
0000d298  __mspabi_slli_7                
0000d296  __mspabi_slli_8                
0000d294  __mspabi_slli_9                
0000cfde  __mspabi_slll_1                
0000cfba  __mspabi_slll_10               
0000cfb6  __mspabi_slll_11               
0000cfb2  __mspabi_slll_12               
0000cfae  __mspabi_slll_13               
0000cfaa  __mspabi_slll_14               
0000cfa6  __mspabi_slll_15               
0000cfda  __mspabi_slll_2                
0000cfd6  __mspabi_slll_3                
0000cfd2  __mspabi_slll_4                
0000cfce  __mspabi_slll_5                
0000cfca  __mspabi_slll_6                
0000cfc6  __mspabi_slll_7                
0000cfc2  __mspabi_slll_8                
0000cfbe  __mspabi_slll_9                
0000d250  __mspabi_srai                  
0000d278  __mspabi_srai_1                
0000d266  __mspabi_srai_10               
0000d264  __mspabi_srai_11               
0000d262  __mspabi_srai_12               
0000d260  __mspabi_srai_13               
0000d25e  __mspabi_srai_14               
0000d25c  __mspabi_srai_15               
0000d276  __mspabi_srai_2                
0000d274  __mspabi_srai_3                
0000d272  __mspabi_srai_4                
0000d270  __mspabi_srai_5                
0000d26e  __mspabi_srai_6                
0000d26c  __mspabi_srai_7                
0000d26a  __mspabi_srai_8                
0000d268  __mspabi_srai_9                
0000ce06  __mspabi_srli                  
0000ce4c  __mspabi_srli_1                
0000ce28  __mspabi_srli_10               
0000ce24  __mspabi_srli_11               
0000ce20  __mspabi_srli_12               
0000ce1c  __mspabi_srli_13               
0000ce18  __mspabi_srli_14               
0000ce14  __mspabi_srli_15               
0000ce48  __mspabi_srli_2                
0000ce44  __mspabi_srli_3                
0000ce40  __mspabi_srli_4                
0000ce3c  __mspabi_srli_5                
0000ce38  __mspabi_srli_6                
0000ce34  __mspabi_srli_7                
0000ce30  __mspabi_srli_8                
0000ce2c  __mspabi_srli_9                
0000d368  _c_int00_noargs                
00000078  _device                        
00000000  _ftable                        
000000f2  _lock                          
0000d4ce  _nop                           
0000fffe  _reset_vector                  
00000000  _stack                         
000000c6  _stream                        
00000000  _sys_memory                    
0000d4d0  _system_post_cinit             
0000d4ca  _system_pre_init               
000000f4  _unlock                        
0000d4c0  abort                          
000003c0  can_rx                         
000003d0  can_tx                         
0000ce52  close                          
0000cee0  exit                           
0000d134  finddevice                     
0000c5e4  fputc                          
0000c206  fputs                          
0000c788  free                           
0000c9ea  fseek                          
0000cd12  getdevice                      
0000d2fc  lseek                          
0000c674  main                           
0000c48a  malloc                         
0000d384  memccpy                        
0000d3fa  memchr                         
0000d448  memcpy                         
0000d40e  memset                         
0000d092  minit                          
000003e0  parmbuf                        
0000cfe4  printf                         
0000c5e4  putc                           
0000d2d4  remove                         
0000c2f0  setvbuf                        
0000d39e  strchr                         
0000d3b8  strcmp                         
0000d47a  strcpy                         
0000d498  strlen                         
0000d2a8  strncpy                        
0000d2d4  unlink                         
0000d322  write                          


GLOBAL SYMBOLS: SORTED BY Symbol Address 

address   name                           
-------   ----                           
00000000  IE1                            
00000000  _ftable                        
00000000  _stack                         
00000000  _sys_memory                    
00000001  IE2                            
00000002  IFG1                           
00000003  IFG2                           
00000010  P3REN                          
00000018  P3IN                           
00000019  P3OUT                          
0000001a  P3DIR                          
0000001b  P3SEL                          
00000020  P1IN                           
00000021  P1OUT                          
00000022  P1DIR                          
00000023  P1IFG                          
00000024  P1IES                          
00000025  P1IE                           
00000026  P1SEL                          
00000027  P1REN                          
00000028  P2IN                           
00000029  P2OUT                          
0000002a  P2DIR                          
0000002b  P2IFG                          
0000002c  P2IES                          
0000002d  P2IE                           
0000002e  P2SEL                          
0000002f  P2REN                          
00000041  P1SEL2                         
00000042  P2SEL2                         
00000043  P3SEL2                         
00000048  ADC10DTC0                      
00000049  ADC10DTC1                      
0000004a  ADC10AE0                       
00000050  __STACK_END                    
00000050  __STACK_SIZE                   
00000050  __SYSMEM_SIZE                  
00000053  BCSCTL3                        
00000056  DCOCTL                         
00000057  BCSCTL1                        
00000058  BCSCTL2                        
00000059  CACTL1                         
0000005a  CACTL2                         
0000005b  CAPD                           
0000005d  UCA0ABCTL                      
0000005e  UCA0IRTCTL                     
0000005f  UCA0IRRCTL                     
00000060  UCA0CTL0                       
00000061  UCA0CTL1                       
00000062  UCA0BR0                        
00000063  UCA0BR1                        
00000064  UCA0MCTL                       
00000065  UCA0STAT                       
00000066  UCA0RXBUF                      
00000067  UCA0TXBUF                      
00000068  UCB0CTL0                       
00000069  UCB0CTL1                       
0000006a  UCB0BR0                        
0000006b  UCB0BR1                        
0000006c  UCB0I2CIE                      
0000006d  UCB0STAT                       
0000006e  UCB0RXBUF                      
0000006f  UCB0TXBUF                      
00000078  _device                        
000000c6  _stream                        
000000ee  __TI_cleanup_ptr               
000000f0  __TI_dtors_ptr                 
000000f2  _lock                          
000000f4  _unlock                        
000000f6  __TI_ft_end                    
000000f8  __TI_enable_exit_profile_output
00000118  UCB0I2COA                      
0000011a  UCB0I2CSA                      
0000011e  TA1IV                          
00000120  WDTCTL                         
00000128  FCTL1                          
0000012a  FCTL2                          
0000012c  FCTL3                          
0000012e  TA0IV                          
00000160  TA0CTL                         
00000162  TA0CCTL0                       
00000164  TA0CCTL1                       
00000166  TA0CCTL2                       
00000170  TA0R                           
00000172  TA0CCR0                        
00000174  TA0CCR1                        
00000176  TA0CCR2                        
00000180  TA1CTL                         
00000182  TA1CCTL0                       
00000184  TA1CCTL1                       
00000186  TA1CCTL2                       
00000190  TA1R                           
00000192  TA1CCR0                        
00000194  TA1CCR1                        
00000196  TA1CCR2                        
000001b0  ADC10CTL0                      
000001b2  ADC10CTL1                      
000001b4  ADC10MEM                       
000001bc  ADC10SA                        
00000200  _CIOBUF_                       
00000320  __TI_tmpnams                   
000003c0  can_rx                         
000003d0  can_tx                         
000003e0  parmbuf                        
000010c0  TLV_CHECKSUM                   
000010da  TLV_ADC10_1_TAG                
000010db  TLV_ADC10_1_LEN                
000010f6  TLV_DCO_30_TAG                 
000010f7  TLV_DCO_30_LEN                 
000010f8  CALDCO_16MHZ                   
000010f9  CALBC1_16MHZ                   
000010fa  CALDCO_12MHZ                   
000010fb  CALBC1_12MHZ                   
000010fc  CALDCO_8MHZ                    
000010fd  CALBC1_8MHZ                    
000010fe  CALDCO_1MHZ                    
000010ff  CALBC1_1MHZ                    
0000c116  __TI_printfi_minimal           
0000c206  fputs                          
0000c2f0  setvbuf                        
0000c48a  malloc                         
0000c53c  MCP2515_init                   
0000c5e4  fputc                          
0000c5e4  putc                           
0000c674  main                           
0000c700  HOSTlseek                      
0000c788  free                           
0000c808  __TI_decompress_lzss           
0000c884  MCP2515_write_id               
0000c8fe  __TI_wrt_ok                    
0000c978  __TI_closefile                 
0000c9ea  fseek                          
0000ca5a  HOSTrename                     
0000cac4  HOSTopen                       
0000cb2a  MCP2515_can_tx0                
0000cb90  HOSTwrite                      
0000cbf2  __TI_doflush                   
0000cc54  HOSTread                       
0000ccb4  MCP2515_read_id                
0000cd12  getdevice                      
0000cd6a  MCP2515_can_rx0                
0000cdba  MCP2515_SPI_init               
0000ce06  __mspabi_srli                  
0000ce14  __mspabi_srli_15               
0000ce18  __mspabi_srli_14               
0000ce1c  __mspabi_srli_13               
0000ce20  __mspabi_srli_12               
0000ce24  __mspabi_srli_11               
0000ce28  __mspabi_srli_10               
0000ce2c  __mspabi_srli_9                
0000ce30  __mspabi_srli_8                
0000ce34  __mspabi_srli_7                
0000ce38  __mspabi_srli_6                
0000ce3c  __mspabi_srli_5                
0000ce40  __mspabi_srli_4                
0000ce44  __mspabi_srli_3                
0000ce48  __mspabi_srli_2                
0000ce4c  __mspabi_srli_1                
0000ce52  close                          
0000ce9c  HOSTclose                      
0000cee0  exit                           
0000cf24  __TI_auto_init_nobinit_nopinit 
0000cf66  HOSTunlink                     
0000cfa6  __mspabi_slll_15               
0000cfaa  __mspabi_slll_14               
0000cfae  __mspabi_slll_13               
0000cfb2  __mspabi_slll_12               
0000cfb6  __mspabi_slll_11               
0000cfba  __mspabi_slll_10               
0000cfbe  __mspabi_slll_9                
0000cfc2  __mspabi_slll_8                
0000cfc6  __mspabi_slll_7                
0000cfca  __mspabi_slll_6                
0000cfce  __mspabi_slll_5                
0000cfd2  __mspabi_slll_4                
0000cfd6  __mspabi_slll_3                
0000cfda  __mspabi_slll_2                
0000cfde  __mspabi_slll_1                
0000cfe4  printf                         
0000d020  MCP2515_write_many_registers   
0000d05a  Port_1                         
0000d092  minit                          
0000d0ca  MCP2515_bit_modify             
0000d100  __TI_cleanup                   
0000d134  finddevice                     
0000d168  MCP2515_CanVariable_init       
0000d198  MCP2515_read                   
0000d1c8  MCP2515_write                  
0000d1f6  __TI_writemsg                  
0000d220  C$$IO$$                        
0000d224  __TI_readmsg                   
0000d250  __mspabi_srai                  
0000d25c  __mspabi_srai_15               
0000d25e  __mspabi_srai_14               
0000d260  __mspabi_srai_13               
0000d262  __mspabi_srai_12               
0000d264  __mspabi_srai_11               
0000d266  __mspabi_srai_10               
0000d268  __mspabi_srai_9                
0000d26a  __mspabi_srai_8                
0000d26c  __mspabi_srai_7                
0000d26e  __mspabi_srai_6                
0000d270  __mspabi_srai_5                
0000d272  __mspabi_srai_4                
0000d274  __mspabi_srai_3                
0000d276  __mspabi_srai_2                
0000d278  __mspabi_srai_1                
0000d27c  __mspabi_slli                  
0000d288  __mspabi_slli_15               
0000d28a  __mspabi_slli_14               
0000d28c  __mspabi_slli_13               
0000d28e  __mspabi_slli_12               
0000d290  __mspabi_slli_11               
0000d292  __mspabi_slli_10               
0000d294  __mspabi_slli_9                
0000d296  __mspabi_slli_8                
0000d298  __mspabi_slli_7                
0000d29a  __mspabi_slli_6                
0000d29c  __mspabi_slli_5                
0000d29e  __mspabi_slli_4                
0000d2a0  __mspabi_slli_3                
0000d2a2  __mspabi_slli_2                
0000d2a4  __mspabi_slli_1                
0000d2a8  strncpy                        
0000d2d4  remove                         
0000d2d4  unlink                         
0000d2fc  lseek                          
0000d322  write                          
0000d346  MCP2515_reset                  
0000d368  _c_int00_noargs                
0000d384  memccpy                        
0000d39e  strchr                         
0000d3b8  strcmp                         
0000d3d0  __mspabi_divu                  
0000d3d0  __mspabi_remu                  
0000d3e6  __TI_zero_init_nomemset        
0000d3fa  memchr                         
0000d40e  memset                         
0000d422  __mspabi_mpyi                  
0000d422  __mspabi_mpyi_sw               
0000d436  __TI_decompress_none           
0000d448  memcpy                         
0000d45a  MCP2515_SPI_transmit           
0000d46a  __mspabi_func_epilog_7         
0000d46c  __mspabi_func_epilog_6         
0000d46e  __mspabi_func_epilog_5         
0000d470  __mspabi_func_epilog_4         
0000d472  __mspabi_func_epilog_3         
0000d474  __mspabi_func_epilog_2         
0000d476  __mspabi_func_epilog_1         
0000d47a  strcpy                         
0000d48a  MCP2515_clear_rx0              
0000d498  strlen                         
0000d4a6  MCP2515_int_clear              
0000d4b2  __TI_ISR_TRAP                  
0000d4c0  C$$EXIT                        
0000d4c0  abort                          
0000d4ca  _system_pre_init               
0000d4ce  _nop                           
0000d4d0  _system_post_cinit             
0000d514  __TI_Handler_Table_Base        
0000d51a  __TI_Handler_Table_Limit       
0000d51e  __TI_CINIT_Base                
0000d526  __TI_CINIT_Limit               
0000ffe0  __TI_int00                     
0000ffe4  __TI_int02                     
0000ffe6  __TI_int03                     
0000ffea  __TI_int05                     
0000ffec  __TI_int06                     
0000ffee  __TI_int07                     
0000fff0  __TI_int08                     
0000fff2  __TI_int09                     
0000fff4  __TI_int10                     
0000fff6  __TI_int11                     
0000fff8  __TI_int12                     
0000fffa  __TI_int13                     
0000fffc  __TI_int14                     
0000fffe  _reset_vector                  
ffffffff  __TI_pprof_out_hndl            
ffffffff  __TI_prof_data_size            
ffffffff  __TI_prof_data_start           
ffffffff  __c_args__                     

[282 symbols]
